---
source: /home/labatata/Code/Go/goinsta/assert/snapshot_test.go
assertion_line: 34
---

Lorem ipsum dolor sit amet, consectetur adipiscing elit. Ut ac interdum ex. Fusce iaculis ex nunc, ac interdum ex
tempus a. Donec efficitur accumsan cursus. Mauris efficitur sem quis est dictum posuere. Integer faucibus facilisis
finibus. Lorem ipsum dolor sit amet, consectetur adipiscing elit. Phasellus sit amet tortor tincidunt, aliquam dui at,
ultrices sem. Integer eu quam a nunc placerat faucibus vitae vitae lacus. Class aptent taciti sociosqu ad litora
torquent per conubia nostra, per inceptos himenaeos. Vivamus eu venenatis ex.

Donec tellus turpis, sagittis at sapien ac, elementum volutpat arcu. Fusce maximus leo sit amet est dictum pharetra.
Nam in sem erat. Proin bibendum sem dignissim tortor condimentum faucibus. Praesent quis metus sit amet magna euismod
rhoncus. Aliquam porttitor est consequat finibus auctor. Etiam quis lectus a sem congue tempus non eget purus. Sed
tristique tortor in auctor auctor. Praesent vel tellus ut metus dignissim porttitor. Nulla et lobortis justo. Mauris
nibh nisi, mollis id quam vitae, vulputate pretium nibh. Morbi lobortis efficitur purus vitae tincidunt. Nam feugiat
maximus feugiat. Etiam lacinia blandit erat ut pulvinar. Phasellus hendrerit, eros iaculis convallis commodo, tortor
ligula gravida nulla, vitae luctus mauris diam a nulla.

Morbi tristique justo a massa gravida sodales. Integer non eros efficitur, iaculis mi sed, lobortis massa. Donec ut
ullamcorper urna, sed consectetur turpis. Curabitur vitae ante sodales lacus interdum faucibus. Duis purus nibh,
aliquam ut erat in, iaculis porta diam. Phasellus cursus feugiat ultrices. Suspendisse non mauris quis
lectus lobortis sollicitudin nec sed ante. Ut sed velit vehicula, tincidunt eros eu, aliquam dolor. Nulla diam lacus,
feugiat at turpis in, elementum vestibulum eros.
