---
source: /home/labatata/Code/Go/goinsta/assert/snapshot_test.go
assertion_line: 34
---
func(string) (bool, error)
