---
source: /home/labatata/Code/Go/goinsta/assert/snapshot_test.go
assertion_line: 29
---
This is a string
