---
source: /home/labatata/Code/Go/goinsta/assert/snapshot_test.go
assertion_line: 38
---
"hello from interface"
