---
source: /home/labatata/Code/Go/goinsta/assert/snapshot_test.go
assertion_line: 23
---
assert_test.Test{
  field1: "hello",
  field2: 10,
  field3: false,
  field4: 3.14,
}
