---
source: /home/labatata/Code/Go/goinsta/src/assert/snapshot_test.go
assertion_line: 26
---
"This is a string"
