---
source: /home/labatata/Code/Go/goinsta/src/assert/snapshot_test.go
assertion_line: 30
---
"\nLorem ipsum dolor sit amet, consectetur adipiscing elit. Ut ac interdum ex. Fusce iaculis ex nunc, ac interdum ex\ntempus a. Donec efficitur accumsan cursus. Mauris efficitur sem quis est dictum posuere. Integer faucibus facilisis\nfinibus. Lorem ipsum dolor sit amet, consectetur adipiscing elit. Phasellus sit amet tortor tincidunt, aliquam dui at,\nultrices sem. Integer eu quam a nunc placerat faucibus vitae vitae lacus. Class aptent taciti sociosqu ad litora\ntorquent per conubia nostra, per inceptos himenaeos. Vivamus eu venenatis ex.\n\nDonec tellus turpis, sagittis at sapien ac, elementum volutpat arcu. Fusce maximus leo sit amet est dictum pharetra.\nNam in sem erat. Proin bibendum sem dignissim tortor condimentum faucibus. Praesent quis metus sit amet magna euismod\nrhoncus. Aliquam porttitor est consequat finibus auctor. Etiam quis lectus a sem congue tempus non eget purus. Sed\ntristique tortor in auctor auctor. Praesent vel tellus ut metus dignissim porttitor. Nulla et lobortis justo. Mauris\nnibh nisi, mollis id quam vitae, vulputate pretium nibh. Morbi lobortis efficitur purus vitae tincidunt. Nam feugiat\nmaximus feugiat. Etiam lacinia blandit erat ut pulvinar. Phasellus hendrerit, eros iaculis convallis commodo, tortor\nligula gravida nulla, vitae luctus mauris diam a nulla.\n\nMorbi tristique justo a massa gravida sodales. Integer non eros efficitur, iaculis mi sed, lobortis massa. Donec ut\nullamcorper urna, sed consectetur turpis. Curabitur vitae ante sodales lacus interdum faucibus. Duis purus nibh,\naliquam ut erat in, iaculis porta diam. Phasellus cursus feugiat ultrices. Suspendisse non mauris quis\nlectus lobortis sollicitudin nec sed ante. Ut sed velit vehicula, tincidunt eros eu, aliquam dolor. Nulla diam lacus,\nfeugiat at turpis in, elementum vestibulum eros."
